IntFilter0_1.matrix
[[4.0+0.0i 0.0+0.0i 0.0+0.0i]
 [0.0+0.0i 3.0+0.0i 0.0+0.0i]
 [0.0+0.0i 0.0+0.0i 2.0+0.0i]]
IntFilter0_1.vector
[[0.0+0.0i 0.0+0.0i 0.0+0.0i]]
IntFilter1_1.matrix
[[1.0+0.0i 4.0+0.0i]
 [0.25+0.0i 3.0+0.0i]
 [2.0+0.0i 2.0+0.0i]]
IntFilter1_1.vector
[[80.0+0.0i 3.0+0.0i]]
IntFilter2_1.matrix
[[2.0+0.0i 9.0+0.0i]
 [3.0+0.0i 6.0+0.0i]
 [4.0+0.0i 3.0+0.0i]]
IntFilter2_1.vector
[[0.0+0.0i 4.0+0.0i]]
IntFilter3_1.matrix
[[8.0+0.0i]
 [4.0+0.0i]
 [2.0+0.0i]]
IntFilter3_1.vector
[[8.0+0.0i]]
IntFilter4_1.matrix
[[0.0+0.0i]
 [0.0+0.0i]
 [2.0+0.0i]]
IntFilter4_1.vector
[[0.0+0.0i]]
IntFilter5_1.matrix
[[16.0+0.0i 0.0+0.0i 0.0+0.0i]
 [0.0+0.0i 8.0+0.0i 0.0+0.0i]
 [0.0+0.0i 0.0+0.0i 4.0+0.0i]]
IntFilter5_1.vector
[[0.0+0.0i 0.0+0.0i 0.0+0.0i]]
IntFilter6_1.matrix
[[16.0+0.0i 0.0+0.0i 0.0+0.0i]
 [0.0+0.0i 8.0+0.0i 4.0+0.0i]
 [0.0+0.0i 0.0+0.0i 4.0+0.0i]]
IntFilter6_1.vector
[[0.0+0.0i 0.0+0.0i 0.0+0.0i]]
IntToFloat_1.matrix
[[1.0+0.0i]]
IntToFloat_1.vector
[[0.0+0.0i]]
