MockFIRFilter_1.matrix
[[3.0+0.0i]
 [2.0+0.0i]
 [1.0+0.0i]]
MockFIRFilter_1.vector
[[3.0+0.0i]]
MockFIRFilter_2.matrix
[[5.0+0.0i]
 [4.0+0.0i]]
MockFIRFilter_2.vector
[[2.0+0.0i]]
