FloatFilter2_1.matrix
[[1.0+0.0i 4.0+0.0i 8.0+0.0i]
 [1.0+0.0i 3.0+0.0i 5.0+0.0i]
 [0.0+0.0i 2.0+0.0i 6.0+0.0i]
 [0.0+0.0i 0.0+0.0i 12.0+0.0i]]
FloatFilter2_1.vector
[[2.0+0.0i 7.0+0.0i 3.0+0.0i]]
FloatFilter3_1.matrix
[[0.2+0.0i]
 [0.6666666666666666+0.0i]
 [11.0+0.0i]
 [0.75+0.0i]]
FloatFilter3_1.vector
[[0.65625+0.0i]]
FloatFilter_1.matrix
[[0.0+0.0i 3.0+0.0i 1.0+0.0i]
 [0.0+0.0i 2.0+0.0i 1.0+0.0i]
 [0.0+0.0i 10.0+0.0i 1.0+0.0i]]
FloatFilter_1.vector
[[-11.0+0.0i 7.0+0.0i 0.0+0.0i]]
FloatIdentity_1.matrix
[[1.0+0.0i]]
FloatIdentity_1.vector
[[0.0+0.0i]]
