FloatFilter1_1.matrix
[[3.200000047683716+0.0i]
 [4.900000095367432+0.0i]
 [1.2000000476837158+0.0i]]
FloatFilter1_1.vector
[[4.199999809265137+0.0i]]
FloatFilter2_1.matrix
[[42.0+0.0i 24.0+0.0i 12.0+0.0i]
 [7.0+0.0i 4.0+0.0i 2.0+0.0i]
 [4.0+0.0i 2.0+0.0i 1.0+0.0i]]
FloatFilter2_1.vector
[[10.0+0.0i 3.0+0.0i 0.0+0.0i]]
FloatFilter3_1.matrix
[[0.0+0.0i 0.0+0.0i 4.0+0.0i]
 [0.0+0.0i 1.0+0.0i 3.0+0.0i]
 [1.0+0.0i 1.0+0.0i 2.0+0.0i]]
FloatFilter3_1.vector
[[0.0+0.0i 0.0+0.0i 1.0+0.0i]]
FloatFilter4_1.matrix
[[7.0+0.0i 8.0+0.0i]
 [6.0+0.0i 6.0+0.0i]
 [5.0+0.0i 4.0+0.0i]
 [4.0+0.0i 2.0+0.0i]
 [3.0+0.0i 0.0+0.0i]]
FloatFilter4_1.vector
[[0.0+0.0i 0.0+0.0i]]
