LinearFilter1_1.matrix
[[19.0+0.0i 14.0+0.0i 9.0+0.0i 4.0+0.0i]
 [15.0+0.0i 11.0+0.0i 7.0+0.0i 3.0+0.0i]
 [11.0+0.0i 8.0+0.0i 5.0+0.0i 2.0+0.0i]
 [7.0+0.0i 5.0+0.0i 3.0+0.0i 1.0+0.0i]]
LinearFilter1_1.vector
[[0.0+0.0i 0.0+0.0i 0.0+0.0i 0.0+0.0i]]
LinearFilter1_2.matrix
[[7.0+0.0i 3.0+0.0i]
 [5.0+0.0i 2.0+0.0i]
 [3.0+0.0i 1.0+0.0i]]
LinearFilter1_2.vector
[[0.0+0.0i 0.0+0.0i]]
LinearFilter2_1.matrix
[[1.0+0.0i 2.0+0.0i]
 [3.0+0.0i 4.0+0.0i]
 [5.0+0.0i 6.0+0.0i]]
LinearFilter2_1.vector
[[0.0+0.0i 0.0+0.0i]]
LinearPipe2_1.matrix
[[16.0+0.0i 26.0+0.0i 0.0+0.0i 0.0+0.0i]
 [11.0+0.0i 18.0+0.0i 0.0+0.0i 0.0+0.0i]
 [6.0+0.0i 10.0+0.0i 0.0+0.0i 0.0+0.0i]
 [35.0+0.0i 42.0+0.0i 3.0+0.0i 6.0+0.0i]
 [25.0+0.0i 30.0+0.0i 2.0+0.0i 4.0+0.0i]
 [15.0+0.0i 18.0+0.0i 1.0+0.0i 2.0+0.0i]
 [0.0+0.0i 0.0+0.0i 36.0+0.0i 46.0+0.0i]
 [0.0+0.0i 0.0+0.0i 25.0+0.0i 32.0+0.0i]
 [0.0+0.0i 0.0+0.0i 14.0+0.0i 18.0+0.0i]]
LinearPipe2_1.vector
[[0.0+0.0i 0.0+0.0i 0.0+0.0i 0.0+0.0i]]
LinearPipe_1.matrix
[[19.0+0.0i 14.0+0.0i 9.0+0.0i 4.0+0.0i]
 [15.0+0.0i 11.0+0.0i 7.0+0.0i 3.0+0.0i]
 [11.0+0.0i 8.0+0.0i 5.0+0.0i 2.0+0.0i]
 [7.0+0.0i 5.0+0.0i 3.0+0.0i 1.0+0.0i]]
LinearPipe_1.vector
[[0.0+0.0i 0.0+0.0i 0.0+0.0i 0.0+0.0i]]
ParamIdentity_1.matrix
[[1.0+0.0i]]
ParamIdentity_1.vector
[[0.0+0.0i]]
ParamIdentity_2.matrix
[[1.0+0.0i 0.0+0.0i]
 [0.0+0.0i 1.0+0.0i]]
ParamIdentity_2.vector
[[0.0+0.0i 0.0+0.0i]]
